
  .   ____          _            __ _ _
 /\\ / ___'_ __ _ _(_)_ __  __ _ \ \ \ \
( ( )\___ | '_ | '_| | '_ \/ _` | \ \ \ \
 \\/  ___)| |_)| | | | | || (_| |  ) ) ) )
  '  |____| .__|_| |_|_| |_\__, | / / / /
 =========|_|==============|___/=/_/_/_/

 :: Spring Boot ::                (v4.0.2)

2026-05-18T19:55:15.206-05:00  INFO 6980 --- [ms-books-catalogue] [           main] c.r.m.MsBooksCatalogueApplication        : Starting MsBooksCatalogueApplication v0.0.1-SNAPSHOT using Java 21.0.10 with PID 6980 (C:\Users\kamiy\Downloads\Semana 11\Backend\ms-books-catalogue\target\ms-books-catalogue-0.0.1-SNAPSHOT.jar started by kamiy in C:\Users\kamiy\Downloads\Semana 11\Backend\ms-books-catalogue)
2026-05-18T19:55:15.224-05:00  INFO 6980 --- [ms-books-catalogue] [           main] c.r.m.MsBooksCatalogueApplication        : No active profile set, falling back to 1 default profile: "default"
2026-05-18T19:55:17.262-05:00  INFO 6980 --- [ms-books-catalogue] [           main] .s.d.r.c.RepositoryConfigurationDelegate : Bootstrapping Spring Data JPA repositories in DEFAULT mode.
2026-05-18T19:55:17.586-05:00  INFO 6980 --- [ms-books-catalogue] [           main] .s.d.r.c.RepositoryConfigurationDelegate : Finished Spring Data repository scanning in 305 ms. Found 1 JPA repository interface.
2026-05-18T19:55:18.039-05:00  INFO 6980 --- [ms-books-catalogue] [           main] o.s.cloud.context.scope.GenericScope     : BeanFactory id=95cf3df8-be5e-3b7a-8995-a54fdcd88564
2026-05-18T19:55:19.115-05:00  INFO 6980 --- [ms-books-catalogue] [           main] o.s.boot.tomcat.TomcatWebServer          : Tomcat initialized with port 8081 (http)
2026-05-18T19:55:19.149-05:00  INFO 6980 --- [ms-books-catalogue] [           main] o.apache.catalina.core.StandardService   : Starting service [Tomcat]
2026-05-18T19:55:19.155-05:00  INFO 6980 --- [ms-books-catalogue] [           main] o.apache.catalina.core.StandardEngine    : Starting Servlet engine: [Apache Tomcat/11.0.15]
2026-05-18T19:55:19.233-05:00  INFO 6980 --- [ms-books-catalogue] [           main] b.w.c.s.WebApplicationContextInitializer : Root WebApplicationContext: initialization completed in 3895 ms
2026-05-18T19:55:19.844-05:00  INFO 6980 --- [ms-books-catalogue] [           main] org.hibernate.orm.jpa                    : HHH008540: Processing PersistenceUnitInfo [name: default]
2026-05-18T19:55:20.017-05:00  INFO 6980 --- [ms-books-catalogue] [           main] org.hibernate.orm.core                   : HHH000001: Hibernate ORM core version 7.2.1.Final
2026-05-18T19:55:21.012-05:00  INFO 6980 --- [ms-books-catalogue] [           main] o.s.o.j.p.SpringPersistenceUnitInfo      : No LoadTimeWeaver setup: ignoring JPA class transformer
2026-05-18T19:55:21.065-05:00  INFO 6980 --- [ms-books-catalogue] [           main] com.zaxxer.hikari.HikariDataSource       : HikariPool-1 - Starting...
2026-05-18T19:55:21.424-05:00  INFO 6980 --- [ms-books-catalogue] [           main] com.zaxxer.hikari.pool.HikariPool        : HikariPool-1 - Added connection conn0: url=jdbc:h2:mem:catalogue_db user=SA
2026-05-18T19:55:21.427-05:00  INFO 6980 --- [ms-books-catalogue] [           main] com.zaxxer.hikari.HikariDataSource       : HikariPool-1 - Start completed.
2026-05-18T19:55:21.514-05:00  INFO 6980 --- [ms-books-catalogue] [           main] org.hibernate.orm.connections.pooling    : HHH10001005: Database info:
	Database JDBC URL [jdbc:h2:mem:catalogue_db]
	Database driver: H2 JDBC Driver
	Database dialect: H2Dialect
	Database version: 2.4.240
	Default catalog/schema: CATALOGUE_DB/PUBLIC
	Autocommit mode: undefined/unknown
	Isolation level: READ_COMMITTED [default READ_COMMITTED]
	JDBC fetch size: 100
	Pool: DataSourceConnectionProvider
	Minimum pool size: undefined/unknown
	Maximum pool size: undefined/unknown
2026-05-18T19:55:23.054-05:00  INFO 6980 --- [ms-books-catalogue] [           main] org.hibernate.orm.core                   : HHH000489: No JTA platform available (set 'hibernate.transaction.jta.platform' to enable JTA platform integration)
Hibernate: create table books (id bigint generated by default as identity, author varchar(255) not null, category varchar(255), isbn varchar(255), publication_date date, rating integer check ((rating<=5) and (rating>=1)), stock integer, title varchar(255) not null, visible boolean, primary key (id))
Hibernate: alter table if exists books drop constraint if exists UKkibbepcitr0a3cpk3rfr7nihn
Hibernate: alter table if exists books add constraint UKkibbepcitr0a3cpk3rfr7nihn unique (isbn)
2026-05-18T19:55:23.165-05:00  INFO 6980 --- [ms-books-catalogue] [           main] j.LocalContainerEntityManagerFactoryBean : Initialized JPA EntityManagerFactory for persistence unit 'default'
2026-05-18T19:55:23.352-05:00  INFO 6980 --- [ms-books-catalogue] [           main] o.s.d.j.r.query.QueryEnhancerFactories   : Hibernate is in classpath; If applicable, HQL parser will be used.
2026-05-18T19:55:23.867-05:00  WARN 6980 --- [ms-books-catalogue] [           main] JpaBaseConfiguration$JpaWebConfiguration : spring.jpa.open-in-view is enabled by default. Therefore, database queries may be performed during view rendering. Explicitly configure spring.jpa.open-in-view to disable this warning
2026-05-18T19:55:24.902-05:00  INFO 6980 --- [ms-books-catalogue] [           main] o.s.b.h.a.H2ConsoleAutoConfiguration     : H2 console available at '/h2-console'. Database available at 'jdbc:h2:mem:catalogue_db'
2026-05-18T19:55:25.179-05:00  INFO 6980 --- [ms-books-catalogue] [           main] DiscoveryClientOptionalArgsConfiguration : Eureka HTTP Client uses RestClient.
2026-05-18T19:55:25.291-05:00  WARN 6980 --- [ms-books-catalogue] [           main] iguration$LoadBalancerCaffeineWarnLogger : Spring Cloud LoadBalancer is currently working with the default cache. While this cache implementation is useful for development and tests, it's recommended to use Caffeine cache in production.You can switch to using Caffeine cache, by adding it and org.springframework.cache.caffeine.CaffeineCacheManager to the classpath.
2026-05-18T19:55:25.343-05:00  INFO 6980 --- [ms-books-catalogue] [           main] o.s.c.n.eureka.InstanceInfoFactory       : Setting initial instance status as: STARTING
2026-05-18T19:55:25.388-05:00  INFO 6980 --- [ms-books-catalogue] [           main] com.netflix.discovery.DiscoveryClient    : Initializing Eureka in region us-east-1
2026-05-18T19:55:25.397-05:00  INFO 6980 --- [ms-books-catalogue] [           main] c.n.d.s.r.aws.ConfigClusterResolver      : Resolving eureka endpoints via configuration
2026-05-18T19:55:25.414-05:00  INFO 6980 --- [ms-books-catalogue] [           main] com.netflix.discovery.DiscoveryClient    : Disable delta property : false
2026-05-18T19:55:25.415-05:00  INFO 6980 --- [ms-books-catalogue] [           main] com.netflix.discovery.DiscoveryClient    : Single vip registry refresh property : null
2026-05-18T19:55:25.415-05:00  INFO 6980 --- [ms-books-catalogue] [           main] com.netflix.discovery.DiscoveryClient    : Force full registry fetch : false
2026-05-18T19:55:25.415-05:00  INFO 6980 --- [ms-books-catalogue] [           main] com.netflix.discovery.DiscoveryClient    : Application is null : false
2026-05-18T19:55:25.415-05:00  INFO 6980 --- [ms-books-catalogue] [           main] com.netflix.discovery.DiscoveryClient    : Registered Applications size is zero : true
2026-05-18T19:55:25.416-05:00  INFO 6980 --- [ms-books-catalogue] [           main] com.netflix.discovery.DiscoveryClient    : Application version is -1: true
2026-05-18T19:55:25.416-05:00  INFO 6980 --- [ms-books-catalogue] [           main] com.netflix.discovery.DiscoveryClient    : Getting all instance registry info from the eureka server
2026-05-18T19:55:26.156-05:00  INFO 6980 --- [ms-books-catalogue] [           main] com.netflix.discovery.DiscoveryClient    : The response status is 200
2026-05-18T19:55:26.159-05:00  INFO 6980 --- [ms-books-catalogue] [           main] com.netflix.discovery.DiscoveryClient    : Starting heartbeat executor: renew interval is: 30
2026-05-18T19:55:26.161-05:00  INFO 6980 --- [ms-books-catalogue] [           main] c.n.discovery.InstanceInfoReplicator     : InstanceInfoReplicator onDemand update allowed rate per min is 4
2026-05-18T19:55:26.164-05:00  INFO 6980 --- [ms-books-catalogue] [           main] com.netflix.discovery.DiscoveryClient    : Discovery Client initialized at timestamp 1779152126164 with initial instances count: 0
2026-05-18T19:55:26.169-05:00  INFO 6980 --- [ms-books-catalogue] [           main] o.s.c.n.e.s.EurekaServiceRegistry        : Registering application MS-BOOKS-CATALOGUE with eureka with status UP
2026-05-18T19:55:26.171-05:00  INFO 6980 --- [ms-books-catalogue] [           main] com.netflix.discovery.DiscoveryClient    : Saw local status change event StatusChangeEvent [timestamp=1779152126171, current=UP, previous=STARTING]
2026-05-18T19:55:26.173-05:00  INFO 6980 --- [ms-books-catalogue] [foReplicator-%d] com.netflix.discovery.DiscoveryClient    : DiscoveryClient_MS-BOOKS-CATALOGUE/ALICE.mshome.net:ms-books-catalogue:8081: registering service...
2026-05-18T19:55:26.198-05:00  INFO 6980 --- [ms-books-catalogue] [           main] o.s.boot.tomcat.TomcatWebServer          : Tomcat started on port 8081 (http) with context path '/'
2026-05-18T19:55:26.199-05:00  INFO 6980 --- [ms-books-catalogue] [           main] .s.c.n.e.s.EurekaAutoServiceRegistration : Updating port to 8081
2026-05-18T19:55:26.223-05:00  INFO 6980 --- [ms-books-catalogue] [           main] c.r.m.MsBooksCatalogueApplication        : Started MsBooksCatalogueApplication in 11.762 seconds (process running for 12.856)
2026-05-18T19:55:26.226-05:00  INFO 6980 --- [ms-books-catalogue] [foReplicator-%d] com.netflix.discovery.DiscoveryClient    : DiscoveryClient_MS-BOOKS-CATALOGUE/ALICE.mshome.net:ms-books-catalogue:8081 - registration status: 204
2026-05-18T19:55:56.174-05:00  INFO 6980 --- [ms-books-catalogue] [reshExecutor-%d] com.netflix.discovery.DiscoveryClient    : Disable delta property : false
2026-05-18T19:55:56.176-05:00  INFO 6980 --- [ms-books-catalogue] [reshExecutor-%d] com.netflix.discovery.DiscoveryClient    : Single vip registry refresh property : null
2026-05-18T19:55:56.177-05:00  INFO 6980 --- [ms-books-catalogue] [reshExecutor-%d] com.netflix.discovery.DiscoveryClient    : Force full registry fetch : false
2026-05-18T19:55:56.177-05:00  INFO 6980 --- [ms-books-catalogue] [reshExecutor-%d] com.netflix.discovery.DiscoveryClient    : Application is null : false
2026-05-18T19:55:56.177-05:00  INFO 6980 --- [ms-books-catalogue] [reshExecutor-%d] com.netflix.discovery.DiscoveryClient    : Registered Applications size is zero : true
2026-05-18T19:55:56.178-05:00  INFO 6980 --- [ms-books-catalogue] [reshExecutor-%d] com.netflix.discovery.DiscoveryClient    : Application version is -1: false
2026-05-18T19:55:56.178-05:00  INFO 6980 --- [ms-books-catalogue] [reshExecutor-%d] com.netflix.discovery.DiscoveryClient    : Getting all instance registry info from the eureka server
2026-05-18T19:55:56.213-05:00  INFO 6980 --- [ms-books-catalogue] [reshExecutor-%d] com.netflix.discovery.DiscoveryClient    : The response status is 200
2026-05-18T20:00:25.422-05:00  INFO 6980 --- [ms-books-catalogue] [rap-executor-%d] c.n.d.s.r.aws.ConfigClusterResolver      : Resolving eureka endpoints via configuration
2026-05-18T20:05:25.431-05:00  INFO 6980 --- [ms-books-catalogue] [rap-executor-%d] c.n.d.s.r.aws.ConfigClusterResolver      : Resolving eureka endpoints via configuration
2026-05-18T20:10:25.444-05:00  INFO 6980 --- [ms-books-catalogue] [rap-executor-%d] c.n.d.s.r.aws.ConfigClusterResolver      : Resolving eureka endpoints via configuration
2026-05-18T20:14:56.981-05:00  INFO 6980 --- [ms-books-catalogue] [nio-8081-exec-2] o.a.c.c.C.[Tomcat].[localhost].[/]       : Initializing Spring DispatcherServlet 'dispatcherServlet'
2026-05-18T20:14:56.983-05:00  INFO 6980 --- [ms-books-catalogue] [nio-8081-exec-2] o.s.web.servlet.DispatcherServlet        : Initializing Servlet 'dispatcherServlet'
2026-05-18T20:14:57.025-05:00  INFO 6980 --- [ms-books-catalogue] [nio-8081-exec-2] o.s.web.servlet.DispatcherServlet        : Completed initialization in 40 ms
Hibernate: select b1_0.id,b1_0.author,b1_0.category,b1_0.isbn,b1_0.publication_date,b1_0.rating,b1_0.stock,b1_0.title,b1_0.visible from books b1_0
2026-05-18T20:15:25.459-05:00  INFO 6980 --- [ms-books-catalogue] [rap-executor-%d] c.n.d.s.r.aws.ConfigClusterResolver      : Resolving eureka endpoints via configuration
2026-05-18T20:20:25.463-05:00  INFO 6980 --- [ms-books-catalogue] [rap-executor-%d] c.n.d.s.r.aws.ConfigClusterResolver      : Resolving eureka endpoints via configuration
