
  .   ____          _            __ _ _
 /\\ / ___'_ __ _ _(_)_ __  __ _ \ \ \ \
( ( )\___ | '_ | '_| | '_ \/ _` | \ \ \ \
 \\/  ___)| |_)| | | | | || (_| |  ) ) ) )
  '  |____| .__|_| |_|_| |_\__, | / / / /
 =========|_|==============|___/=/_/_/_/

 :: Spring Boot ::                (v4.0.2)

2026-05-18T19:55:04.736-05:00  INFO 33964 --- [eureka-server] [           main] c.r.e.EurekaServerApplication            : Starting EurekaServerApplication v0.0.1-SNAPSHOT using Java 21.0.10 with PID 33964 (C:\Users\kamiy\Downloads\Semana 11\Backend\eureka-server\target\eureka-server-0.0.1-SNAPSHOT.jar started by kamiy in C:\Users\kamiy\Downloads\Semana 11\Backend\eureka-server)
2026-05-18T19:55:04.799-05:00  INFO 33964 --- [eureka-server] [           main] c.r.e.EurekaServerApplication            : No active profile set, falling back to 1 default profile: "default"
2026-05-18T19:55:06.206-05:00  INFO 33964 --- [eureka-server] [           main] o.s.cloud.context.scope.GenericScope     : BeanFactory id=94f15e9b-718c-3177-b004-d2c92aac7637
2026-05-18T19:55:06.569-05:00  INFO 33964 --- [eureka-server] [           main] o.s.boot.tomcat.TomcatWebServer          : Tomcat initialized with port 8761 (http)
2026-05-18T19:55:06.583-05:00  INFO 33964 --- [eureka-server] [           main] o.apache.catalina.core.StandardService   : Starting service [Tomcat]
2026-05-18T19:55:06.583-05:00  INFO 33964 --- [eureka-server] [           main] o.apache.catalina.core.StandardEngine    : Starting Servlet engine: [Apache Tomcat/11.0.15]
2026-05-18T19:55:06.616-05:00  INFO 33964 --- [eureka-server] [           main] b.w.c.s.WebApplicationContextInitializer : Root WebApplicationContext: initialization completed in 1682 ms
2026-05-18T19:55:07.739-05:00  INFO 33964 --- [eureka-server] [           main] c.n.d.provider.DiscoveryJerseyProvider   : Using JSON encoding codec LegacyJacksonJson
2026-05-18T19:55:07.739-05:00  INFO 33964 --- [eureka-server] [           main] c.n.d.provider.DiscoveryJerseyProvider   : Using JSON decoding codec LegacyJacksonJson
2026-05-18T19:55:07.996-05:00  INFO 33964 --- [eureka-server] [           main] c.n.d.provider.DiscoveryJerseyProvider   : Using XML encoding codec XStreamXml
2026-05-18T19:55:07.997-05:00  INFO 33964 --- [eureka-server] [           main] c.n.d.provider.DiscoveryJerseyProvider   : Using XML decoding codec XStreamXml
2026-05-18T19:55:09.243-05:00  WARN 33964 --- [eureka-server] [           main] iguration$LoadBalancerCaffeineWarnLogger : Spring Cloud LoadBalancer is currently working with the default cache. While this cache implementation is useful for development and tests, it's recommended to use Caffeine cache in production.You can switch to using Caffeine cache, by adding it and org.springframework.cache.caffeine.CaffeineCacheManager to the classpath.
2026-05-18T19:55:09.278-05:00  INFO 33964 --- [eureka-server] [           main] o.s.c.n.eureka.InstanceInfoFactory       : Setting initial instance status as: STARTING
2026-05-18T19:55:09.304-05:00  INFO 33964 --- [eureka-server] [           main] com.netflix.discovery.DiscoveryClient    : Initializing Eureka in region us-east-1
2026-05-18T19:55:09.304-05:00  INFO 33964 --- [eureka-server] [           main] com.netflix.discovery.DiscoveryClient    : Client configured to neither register nor query for data.
2026-05-18T19:55:09.306-05:00  INFO 33964 --- [eureka-server] [           main] com.netflix.discovery.DiscoveryClient    : Discovery Client initialized at timestamp 1779152109305 with initial instances count: 0
2026-05-18T19:55:09.343-05:00  INFO 33964 --- [eureka-server] [           main] c.n.eureka.DefaultEurekaServerContext    : Initializing ...
2026-05-18T19:55:09.345-05:00  INFO 33964 --- [eureka-server] [           main] c.n.eureka.cluster.PeerEurekaNodes       : Adding new peer nodes [http://localhost:8761/eureka/]
2026-05-18T19:55:09.391-05:00  INFO 33964 --- [eureka-server] [           main] c.n.d.provider.DiscoveryJerseyProvider   : Using JSON encoding codec LegacyJacksonJson
2026-05-18T19:55:09.392-05:00  INFO 33964 --- [eureka-server] [           main] c.n.d.provider.DiscoveryJerseyProvider   : Using JSON decoding codec LegacyJacksonJson
2026-05-18T19:55:09.392-05:00  INFO 33964 --- [eureka-server] [           main] c.n.d.provider.DiscoveryJerseyProvider   : Using XML encoding codec XStreamXml
2026-05-18T19:55:09.393-05:00  INFO 33964 --- [eureka-server] [           main] c.n.d.provider.DiscoveryJerseyProvider   : Using XML decoding codec XStreamXml
2026-05-18T19:55:09.441-05:00  INFO 33964 --- [eureka-server] [           main] c.n.eureka.cluster.PeerEurekaNodes       : Replica node URL:  http://localhost:8761/eureka/
2026-05-18T19:55:09.449-05:00  INFO 33964 --- [eureka-server] [           main] c.n.e.registry.AbstractInstanceRegistry  : Finished initializing remote region registries. All known remote regions: []
2026-05-18T19:55:09.451-05:00  INFO 33964 --- [eureka-server] [           main] c.n.eureka.DefaultEurekaServerContext    : Initialized
2026-05-18T19:55:09.462-05:00  INFO 33964 --- [eureka-server] [           main] o.s.b.a.e.web.EndpointLinksResolver      : Exposing 1 endpoint beneath base path '/actuator'
2026-05-18T19:55:09.514-05:00  INFO 33964 --- [eureka-server] [           main] o.s.c.n.e.s.EurekaServiceRegistry        : Registering application EUREKA-SERVER with eureka with status UP
2026-05-18T19:55:09.528-05:00  INFO 33964 --- [eureka-server] [       Thread-9] o.s.c.n.e.server.EurekaServerBootstrap   : isAws returned false
2026-05-18T19:55:09.529-05:00  INFO 33964 --- [eureka-server] [       Thread-9] o.s.c.n.e.server.EurekaServerBootstrap   : Initialized server context
2026-05-18T19:55:09.529-05:00  INFO 33964 --- [eureka-server] [       Thread-9] c.n.e.r.PeerAwareInstanceRegistryImpl    : Got 1 instances from neighboring DS node
2026-05-18T19:55:09.529-05:00  INFO 33964 --- [eureka-server] [       Thread-9] c.n.e.r.PeerAwareInstanceRegistryImpl    : Renew threshold is: 1
2026-05-18T19:55:09.529-05:00  INFO 33964 --- [eureka-server] [       Thread-9] c.n.e.r.PeerAwareInstanceRegistryImpl    : Changing status to UP
2026-05-18T19:55:09.531-05:00  INFO 33964 --- [eureka-server] [       Thread-9] e.s.EurekaServerInitializerConfiguration : Started Eureka Server
2026-05-18T19:55:09.538-05:00  INFO 33964 --- [eureka-server] [           main] o.s.boot.tomcat.TomcatWebServer          : Tomcat started on port 8761 (http) with context path '/'
2026-05-18T19:55:09.539-05:00  INFO 33964 --- [eureka-server] [           main] .s.c.n.e.s.EurekaAutoServiceRegistration : Updating port to 8761
2026-05-18T19:55:09.554-05:00  INFO 33964 --- [eureka-server] [           main] c.r.e.EurekaServerApplication            : Started EurekaServerApplication in 5.467 seconds (process running for 6.24)
2026-05-18T19:55:09.680-05:00  INFO 33964 --- [eureka-server] [nio-8761-exec-1] o.a.c.c.C.[Tomcat].[localhost].[/]       : Initializing Spring DispatcherServlet 'dispatcherServlet'
2026-05-18T19:55:09.680-05:00  INFO 33964 --- [eureka-server] [nio-8761-exec-1] o.s.web.servlet.DispatcherServlet        : Initializing Servlet 'dispatcherServlet'
2026-05-18T19:55:09.682-05:00  INFO 33964 --- [eureka-server] [nio-8761-exec-1] o.s.web.servlet.DispatcherServlet        : Completed initialization in 2 ms
2026-05-18T19:55:24.158-05:00  INFO 33964 --- [eureka-server] [nio-8761-exec-3] c.n.e.registry.AbstractInstanceRegistry  : Registered instance CLOUD-GATEWAY/ALICE.mshome.net:cloud-gateway:8080 with status UP (replication=false)
2026-05-18T19:55:25.205-05:00  INFO 33964 --- [eureka-server] [nio-8761-exec-4] c.n.e.registry.AbstractInstanceRegistry  : Registered instance CLOUD-GATEWAY/ALICE.mshome.net:cloud-gateway:8080 with status UP (replication=true)
2026-05-18T19:55:26.100-05:00  INFO 33964 --- [eureka-server] [nio-8761-exec-7] c.n.e.registry.AbstractInstanceRegistry  : Registered instance MS-BOOKS-PAYMENTS/ALICE.mshome.net:ms-books-payments:8084 with status UP (replication=false)
2026-05-18T19:55:26.224-05:00  INFO 33964 --- [eureka-server] [nio-8761-exec-8] c.n.e.registry.AbstractInstanceRegistry  : Registered instance MS-BOOKS-CATALOGUE/ALICE.mshome.net:ms-books-catalogue:8081 with status UP (replication=false)
2026-05-18T19:55:26.620-05:00  INFO 33964 --- [eureka-server] [nio-8761-exec-9] c.n.e.registry.AbstractInstanceRegistry  : Registered instance MS-BOOKS-PAYMENTS/ALICE.mshome.net:ms-books-payments:8084 with status UP (replication=true)
2026-05-18T19:55:26.621-05:00  INFO 33964 --- [eureka-server] [nio-8761-exec-9] c.n.e.registry.AbstractInstanceRegistry  : Registered instance MS-BOOKS-CATALOGUE/ALICE.mshome.net:ms-books-catalogue:8081 with status UP (replication=true)
2026-05-18T19:56:09.530-05:00  INFO 33964 --- [eureka-server] [a-EvictionTimer] c.n.e.registry.AbstractInstanceRegistry  : Running the evict task with compensationTime 0ms
2026-05-18T19:57:09.530-05:00  INFO 33964 --- [eureka-server] [a-EvictionTimer] c.n.e.registry.AbstractInstanceRegistry  : Running the evict task with compensationTime 0ms
2026-05-18T19:58:09.530-05:00  INFO 33964 --- [eureka-server] [a-EvictionTimer] c.n.e.registry.AbstractInstanceRegistry  : Running the evict task with compensationTime 0ms
2026-05-18T19:59:09.533-05:00  INFO 33964 --- [eureka-server] [a-EvictionTimer] c.n.e.registry.AbstractInstanceRegistry  : Running the evict task with compensationTime 3ms
2026-05-18T20:00:09.540-05:00  INFO 33964 --- [eureka-server] [a-EvictionTimer] c.n.e.registry.AbstractInstanceRegistry  : Running the evict task with compensationTime 6ms
2026-05-18T20:01:09.541-05:00  INFO 33964 --- [eureka-server] [a-EvictionTimer] c.n.e.registry.AbstractInstanceRegistry  : Running the evict task with compensationTime 1ms
2026-05-18T20:02:09.542-05:00  INFO 33964 --- [eureka-server] [a-EvictionTimer] c.n.e.registry.AbstractInstanceRegistry  : Running the evict task with compensationTime 0ms
2026-05-18T20:03:09.542-05:00  INFO 33964 --- [eureka-server] [a-EvictionTimer] c.n.e.registry.AbstractInstanceRegistry  : Running the evict task with compensationTime 0ms
2026-05-18T20:04:09.543-05:00  INFO 33964 --- [eureka-server] [a-EvictionTimer] c.n.e.registry.AbstractInstanceRegistry  : Running the evict task with compensationTime 0ms
2026-05-18T20:05:09.557-05:00  INFO 33964 --- [eureka-server] [a-EvictionTimer] c.n.e.registry.AbstractInstanceRegistry  : Running the evict task with compensationTime 14ms
2026-05-18T20:06:09.558-05:00  INFO 33964 --- [eureka-server] [a-EvictionTimer] c.n.e.registry.AbstractInstanceRegistry  : Running the evict task with compensationTime 0ms
2026-05-18T20:07:09.559-05:00  INFO 33964 --- [eureka-server] [a-EvictionTimer] c.n.e.registry.AbstractInstanceRegistry  : Running the evict task with compensationTime 1ms
2026-05-18T20:08:09.564-05:00  INFO 33964 --- [eureka-server] [a-EvictionTimer] c.n.e.registry.AbstractInstanceRegistry  : Running the evict task with compensationTime 4ms
2026-05-18T20:09:09.571-05:00  INFO 33964 --- [eureka-server] [a-EvictionTimer] c.n.e.registry.AbstractInstanceRegistry  : Running the evict task with compensationTime 7ms
2026-05-18T20:10:09.458-05:00  INFO 33964 --- [eureka-server] [hresholdUpdater] c.n.e.r.PeerAwareInstanceRegistryImpl    : Current renewal threshold is : 6
2026-05-18T20:10:09.571-05:00  INFO 33964 --- [eureka-server] [a-EvictionTimer] c.n.e.registry.AbstractInstanceRegistry  : Running the evict task with compensationTime 0ms
2026-05-18T20:11:09.572-05:00  INFO 33964 --- [eureka-server] [a-EvictionTimer] c.n.e.registry.AbstractInstanceRegistry  : Running the evict task with compensationTime 0ms
2026-05-18T20:12:09.572-05:00  INFO 33964 --- [eureka-server] [a-EvictionTimer] c.n.e.registry.AbstractInstanceRegistry  : Running the evict task with compensationTime 0ms
2026-05-18T20:13:09.572-05:00  INFO 33964 --- [eureka-server] [a-EvictionTimer] c.n.e.registry.AbstractInstanceRegistry  : Running the evict task with compensationTime 0ms
2026-05-18T20:14:09.573-05:00  INFO 33964 --- [eureka-server] [a-EvictionTimer] c.n.e.registry.AbstractInstanceRegistry  : Running the evict task with compensationTime 0ms
2026-05-18T20:15:09.573-05:00  INFO 33964 --- [eureka-server] [a-EvictionTimer] c.n.e.registry.AbstractInstanceRegistry  : Running the evict task with compensationTime 0ms
2026-05-18T20:16:09.574-05:00  INFO 33964 --- [eureka-server] [a-EvictionTimer] c.n.e.registry.AbstractInstanceRegistry  : Running the evict task with compensationTime 0ms
2026-05-18T20:17:09.575-05:00  INFO 33964 --- [eureka-server] [a-EvictionTimer] c.n.e.registry.AbstractInstanceRegistry  : Running the evict task with compensationTime 0ms
2026-05-18T20:18:09.576-05:00  INFO 33964 --- [eureka-server] [a-EvictionTimer] c.n.e.registry.AbstractInstanceRegistry  : Running the evict task with compensationTime 0ms
2026-05-18T20:19:09.576-05:00  INFO 33964 --- [eureka-server] [a-EvictionTimer] c.n.e.registry.AbstractInstanceRegistry  : Running the evict task with compensationTime 0ms
2026-05-18T20:20:09.577-05:00  INFO 33964 --- [eureka-server] [a-EvictionTimer] c.n.e.registry.AbstractInstanceRegistry  : Running the evict task with compensationTime 0ms
