
  .   ____          _            __ _ _
 /\\ / ___'_ __ _ _(_)_ __  __ _ \ \ \ \
( ( )\___ | '_ | '_| | '_ \/ _` | \ \ \ \
 \\/  ___)| |_)| | | | | || (_| |  ) ) ) )
  '  |____| .__|_| |_|_| |_\__, | / / / /
 =========|_|==============|___/=/_/_/_/

 :: Spring Boot ::                (v3.5.0)

2026-05-18T19:55:15.498-05:00  INFO 42316 --- [cloud-gateway] [           main] c.r.c.CloudGatewayApplication            : Starting CloudGatewayApplication v0.0.1-SNAPSHOT using Java 21.0.10 with PID 42316 (C:\Users\kamiy\Downloads\Semana 11\Backend\cloud-gateway\target\cloud-gateway-0.0.1-SNAPSHOT.jar started by kamiy in C:\Users\kamiy\Downloads\Semana 11\Backend\cloud-gateway)
2026-05-18T19:55:15.507-05:00  INFO 42316 --- [cloud-gateway] [           main] c.r.c.CloudGatewayApplication            : No active profile set, falling back to 1 default profile: "default"
2026-05-18T19:55:18.624-05:00  INFO 42316 --- [cloud-gateway] [           main] o.s.cloud.context.scope.GenericScope     : BeanFactory id=eb1e32e9-de9b-32ab-b7e5-b5cd5e361a41
2026-05-18T19:55:20.444-05:00  WARN 42316 --- [cloud-gateway] [           main] GatewayClassPathWarningAutoConfiguration : 

**********************************************************

The artifact spring-cloud-gateway-server is deprecated. It will be removed in the next major release. Please add spring-cloud-gateway-server-webflux dependency.

**********************************************************


2026-05-18T19:55:21.105-05:00  INFO 42316 --- [cloud-gateway] [           main] o.s.c.g.r.RouteDefinitionRouteLocator    : Loaded RoutePredicateFactory [After]
2026-05-18T19:55:21.106-05:00  INFO 42316 --- [cloud-gateway] [           main] o.s.c.g.r.RouteDefinitionRouteLocator    : Loaded RoutePredicateFactory [Before]
2026-05-18T19:55:21.107-05:00  INFO 42316 --- [cloud-gateway] [           main] o.s.c.g.r.RouteDefinitionRouteLocator    : Loaded RoutePredicateFactory [Between]
2026-05-18T19:55:21.107-05:00  INFO 42316 --- [cloud-gateway] [           main] o.s.c.g.r.RouteDefinitionRouteLocator    : Loaded RoutePredicateFactory [Cookie]
2026-05-18T19:55:21.107-05:00  INFO 42316 --- [cloud-gateway] [           main] o.s.c.g.r.RouteDefinitionRouteLocator    : Loaded RoutePredicateFactory [Header]
2026-05-18T19:55:21.108-05:00  INFO 42316 --- [cloud-gateway] [           main] o.s.c.g.r.RouteDefinitionRouteLocator    : Loaded RoutePredicateFactory [Host]
2026-05-18T19:55:21.108-05:00  INFO 42316 --- [cloud-gateway] [           main] o.s.c.g.r.RouteDefinitionRouteLocator    : Loaded RoutePredicateFactory [Method]
2026-05-18T19:55:21.108-05:00  INFO 42316 --- [cloud-gateway] [           main] o.s.c.g.r.RouteDefinitionRouteLocator    : Loaded RoutePredicateFactory [Path]
2026-05-18T19:55:21.108-05:00  INFO 42316 --- [cloud-gateway] [           main] o.s.c.g.r.RouteDefinitionRouteLocator    : Loaded RoutePredicateFactory [Query]
2026-05-18T19:55:21.108-05:00  INFO 42316 --- [cloud-gateway] [           main] o.s.c.g.r.RouteDefinitionRouteLocator    : Loaded RoutePredicateFactory [ReadBody]
2026-05-18T19:55:21.109-05:00  INFO 42316 --- [cloud-gateway] [           main] o.s.c.g.r.RouteDefinitionRouteLocator    : Loaded RoutePredicateFactory [RemoteAddr]
2026-05-18T19:55:21.109-05:00  INFO 42316 --- [cloud-gateway] [           main] o.s.c.g.r.RouteDefinitionRouteLocator    : Loaded RoutePredicateFactory [XForwardedRemoteAddr]
2026-05-18T19:55:21.109-05:00  INFO 42316 --- [cloud-gateway] [           main] o.s.c.g.r.RouteDefinitionRouteLocator    : Loaded RoutePredicateFactory [Weight]
2026-05-18T19:55:21.109-05:00  INFO 42316 --- [cloud-gateway] [           main] o.s.c.g.r.RouteDefinitionRouteLocator    : Loaded RoutePredicateFactory [CloudFoundryRouteService]
2026-05-18T19:55:21.645-05:00  INFO 42316 --- [cloud-gateway] [           main] o.s.b.a.e.web.EndpointLinksResolver      : Exposing 2 endpoints beneath base path '/actuator'
2026-05-18T19:55:22.220-05:00  INFO 42316 --- [cloud-gateway] [           main] DiscoveryClientOptionalArgsConfiguration : Eureka HTTP Client uses RestTemplate.
2026-05-18T19:55:22.293-05:00  WARN 42316 --- [cloud-gateway] [           main] s.w.s.StarterDeprecatedAutoConfiguration : 

**********************************************************

spring-cloud-starter-gateway is deprecated. It will be removed in the next major release. Please use spring-cloud-starter-gateway-server-webflux instead.

**********************************************************


2026-05-18T19:55:22.306-05:00  WARN 42316 --- [cloud-gateway] [           main] iguration$LoadBalancerCaffeineWarnLogger : Spring Cloud LoadBalancer is currently working with the default cache. While this cache implementation is useful for development and tests, it's recommended to use Caffeine cache in production.You can switch to using Caffeine cache, by adding it and org.springframework.cache.caffeine.CaffeineCacheManager to the classpath.
2026-05-18T19:55:22.399-05:00  INFO 42316 --- [cloud-gateway] [           main] o.s.c.n.eureka.InstanceInfoFactory       : Setting initial instance status as: STARTING
2026-05-18T19:55:22.442-05:00  INFO 42316 --- [cloud-gateway] [           main] com.netflix.discovery.DiscoveryClient    : Initializing Eureka in region us-east-1
2026-05-18T19:55:22.447-05:00  INFO 42316 --- [cloud-gateway] [           main] c.n.d.s.r.aws.ConfigClusterResolver      : Resolving eureka endpoints via configuration
2026-05-18T19:55:22.467-05:00  INFO 42316 --- [cloud-gateway] [           main] com.netflix.discovery.DiscoveryClient    : Disable delta property : false
2026-05-18T19:55:22.467-05:00  INFO 42316 --- [cloud-gateway] [           main] com.netflix.discovery.DiscoveryClient    : Single vip registry refresh property : null
2026-05-18T19:55:22.468-05:00  INFO 42316 --- [cloud-gateway] [           main] com.netflix.discovery.DiscoveryClient    : Force full registry fetch : false
2026-05-18T19:55:22.468-05:00  INFO 42316 --- [cloud-gateway] [           main] com.netflix.discovery.DiscoveryClient    : Application is null : false
2026-05-18T19:55:22.468-05:00  INFO 42316 --- [cloud-gateway] [           main] com.netflix.discovery.DiscoveryClient    : Registered Applications size is zero : true
2026-05-18T19:55:22.469-05:00  INFO 42316 --- [cloud-gateway] [           main] com.netflix.discovery.DiscoveryClient    : Application version is -1: true
2026-05-18T19:55:22.469-05:00  INFO 42316 --- [cloud-gateway] [           main] com.netflix.discovery.DiscoveryClient    : Getting all instance registry info from the eureka server
2026-05-18T19:55:23.216-05:00  INFO 42316 --- [cloud-gateway] [           main] com.netflix.discovery.DiscoveryClient    : The response status is 200
2026-05-18T19:55:23.218-05:00  INFO 42316 --- [cloud-gateway] [           main] com.netflix.discovery.DiscoveryClient    : Starting heartbeat executor: renew interval is: 30
2026-05-18T19:55:23.223-05:00  INFO 42316 --- [cloud-gateway] [           main] c.n.discovery.InstanceInfoReplicator     : InstanceInfoReplicator onDemand update allowed rate per min is 4
2026-05-18T19:55:23.227-05:00  INFO 42316 --- [cloud-gateway] [           main] com.netflix.discovery.DiscoveryClient    : Discovery Client initialized at timestamp 1779152123226 with initial instances count: 0
2026-05-18T19:55:23.233-05:00  INFO 42316 --- [cloud-gateway] [           main] o.s.c.n.e.s.EurekaServiceRegistry        : Registering application CLOUD-GATEWAY with eureka with status UP
2026-05-18T19:55:23.234-05:00  INFO 42316 --- [cloud-gateway] [           main] com.netflix.discovery.DiscoveryClient    : Saw local status change event StatusChangeEvent [timestamp=1779152123234, current=UP, previous=STARTING]
2026-05-18T19:55:23.236-05:00  INFO 42316 --- [cloud-gateway] [foReplicator-%d] com.netflix.discovery.DiscoveryClient    : DiscoveryClient_CLOUD-GATEWAY/ALICE.mshome.net:cloud-gateway:8080: registering service...
2026-05-18T19:55:23.663-05:00  INFO 42316 --- [cloud-gateway] [           main] o.s.b.web.embedded.netty.NettyWebServer  : Netty started on port 8080 (http)
2026-05-18T19:55:23.665-05:00  INFO 42316 --- [cloud-gateway] [           main] .s.c.n.e.s.EurekaAutoServiceRegistration : Updating port to 8080
2026-05-18T19:55:23.997-05:00  INFO 42316 --- [cloud-gateway] [           main] c.r.c.CloudGatewayApplication            : Started CloudGatewayApplication in 9.49 seconds (process running for 10.607)
2026-05-18T19:55:24.013-05:00  WARN 42316 --- [cloud-gateway] [           main] ServerWebfluxPropertiesMigrationListener : 
The use of configuration keys that have been renamed was found in the environment:

Property source 'Config resource 'class path resource [application.yml]' via location 'optional:classpath:/'':
	Key: spring.cloud.gateway.routes[0].id
		Line: 23
		Replacement: spring.cloud.gateway.server.webflux.routes[0].id
	Key: spring.cloud.gateway.routes[0].uri
		Line: 24
		Replacement: spring.cloud.gateway.server.webflux.routes[0].uri
	Key: spring.cloud.gateway.routes[0].predicates[0]
		Line: 26
		Replacement: spring.cloud.gateway.server.webflux.routes[0].predicates[0]
	Key: spring.cloud.gateway.routes[0].filters[0]
		Line: 28
		Replacement: spring.cloud.gateway.server.webflux.routes[0].filters[0]
	Key: spring.cloud.gateway.routes[1].id
		Line: 30
		Replacement: spring.cloud.gateway.server.webflux.routes[1].id
	Key: spring.cloud.gateway.routes[1].uri
		Line: 31
		Replacement: spring.cloud.gateway.server.webflux.routes[1].uri
	Key: spring.cloud.gateway.routes[1].predicates[0]
		Line: 33
		Replacement: spring.cloud.gateway.server.webflux.routes[1].predicates[0]
	Key: spring.cloud.gateway.routes[1].filters[0]
		Line: 35
		Replacement: spring.cloud.gateway.server.webflux.routes[1].filters[0]


Each configuration key has been temporarily mapped to its replacement for your convenience. To silence this warning, please update your configuration to use the new keys.

2026-05-18T19:55:24.017-05:00  WARN 42316 --- [cloud-gateway] [           main] o.s.b.c.p.m.PropertiesMigrationListener  : 
The use of configuration keys that have been renamed was found in the environment:

Property source 'Config resource 'class path resource [application.yml]' via location 'optional:classpath:/'':
	Key: spring.cloud.gateway.globalcors.cors-configurations[/**].allowedorigins
		Line: 13
		Replacement: spring.cloud.gateway.server.webflux.globalcors.cors-configurations[/**].allowedorigins
	Key: spring.cloud.gateway.globalcors.cors-configurations[/**].allowedmethods[0]
		Line: 15
		Replacement: spring.cloud.gateway.server.webflux.globalcors.cors-configurations[/**].allowedmethods[0]
	Key: spring.cloud.gateway.globalcors.cors-configurations[/**].allowedmethods[1]
		Line: 16
		Replacement: spring.cloud.gateway.server.webflux.globalcors.cors-configurations[/**].allowedmethods[1]
	Key: spring.cloud.gateway.globalcors.cors-configurations[/**].allowedmethods[2]
		Line: 17
		Replacement: spring.cloud.gateway.server.webflux.globalcors.cors-configurations[/**].allowedmethods[2]
	Key: spring.cloud.gateway.globalcors.cors-configurations[/**].allowedmethods[3]
		Line: 18
		Replacement: spring.cloud.gateway.server.webflux.globalcors.cors-configurations[/**].allowedmethods[3]
	Key: spring.cloud.gateway.globalcors.cors-configurations[/**].allowedmethods[4]
		Line: 19
		Replacement: spring.cloud.gateway.server.webflux.globalcors.cors-configurations[/**].allowedmethods[4]
	Key: spring.cloud.gateway.globalcors.cors-configurations[/**].allowedheaders
		Line: 20
		Replacement: spring.cloud.gateway.server.webflux.globalcors.cors-configurations[/**].allowedheaders


Each configuration key has been temporarily mapped to its replacement for your convenience. To silence this warning, please update your configuration to use the new keys.

2026-05-18T19:55:24.227-05:00  INFO 42316 --- [cloud-gateway] [foReplicator-%d] com.netflix.discovery.DiscoveryClient    : DiscoveryClient_CLOUD-GATEWAY/ALICE.mshome.net:cloud-gateway:8080 - registration status: 204
2026-05-18T19:55:53.233-05:00  INFO 42316 --- [cloud-gateway] [reshExecutor-%d] com.netflix.discovery.DiscoveryClient    : Disable delta property : false
2026-05-18T19:55:53.234-05:00  INFO 42316 --- [cloud-gateway] [reshExecutor-%d] com.netflix.discovery.DiscoveryClient    : Single vip registry refresh property : null
2026-05-18T19:55:53.234-05:00  INFO 42316 --- [cloud-gateway] [reshExecutor-%d] com.netflix.discovery.DiscoveryClient    : Force full registry fetch : false
2026-05-18T19:55:53.235-05:00  INFO 42316 --- [cloud-gateway] [reshExecutor-%d] com.netflix.discovery.DiscoveryClient    : Application is null : false
2026-05-18T19:55:53.235-05:00  INFO 42316 --- [cloud-gateway] [reshExecutor-%d] com.netflix.discovery.DiscoveryClient    : Registered Applications size is zero : true
2026-05-18T19:55:53.235-05:00  INFO 42316 --- [cloud-gateway] [reshExecutor-%d] com.netflix.discovery.DiscoveryClient    : Application version is -1: false
2026-05-18T19:55:53.235-05:00  INFO 42316 --- [cloud-gateway] [reshExecutor-%d] com.netflix.discovery.DiscoveryClient    : Getting all instance registry info from the eureka server
2026-05-18T19:55:53.265-05:00  INFO 42316 --- [cloud-gateway] [reshExecutor-%d] com.netflix.discovery.DiscoveryClient    : The response status is 200
2026-05-18T20:00:22.487-05:00  INFO 42316 --- [cloud-gateway] [rap-executor-%d] c.n.d.s.r.aws.ConfigClusterResolver      : Resolving eureka endpoints via configuration
2026-05-18T20:05:22.503-05:00  INFO 42316 --- [cloud-gateway] [rap-executor-%d] c.n.d.s.r.aws.ConfigClusterResolver      : Resolving eureka endpoints via configuration
2026-05-18T20:10:22.517-05:00  INFO 42316 --- [cloud-gateway] [rap-executor-%d] c.n.d.s.r.aws.ConfigClusterResolver      : Resolving eureka endpoints via configuration
2026-05-18T20:15:22.522-05:00  INFO 42316 --- [cloud-gateway] [rap-executor-%d] c.n.d.s.r.aws.ConfigClusterResolver      : Resolving eureka endpoints via configuration
