
  .   ____          _            __ _ _
 /\\ / ___'_ __ _ _(_)_ __  __ _ \ \ \ \
( ( )\___ | '_ | '_| | '_ \/ _` | \ \ \ \
 \\/  ___)| |_)| | | | | || (_| |  ) ) ) )
  '  |____| .__|_| |_|_| |_\__, | / / / /
 =========|_|==============|___/=/_/_/_/

 :: Spring Boot ::               (v3.5.10)

2026-05-18T19:55:15.296-05:00  INFO 35824 --- [ms-books-payments] [           main] c.r.m.MsBooksPaymentsApplication         : Starting MsBooksPaymentsApplication v0.0.1-SNAPSHOT using Java 21.0.10 with PID 35824 (C:\Users\kamiy\Downloads\Semana 11\Backend\ms-books-payments\target\ms-books-payments-0.0.1-SNAPSHOT.jar started by kamiy in C:\Users\kamiy\Downloads\Semana 11\Backend\ms-books-payments)
2026-05-18T19:55:15.300-05:00  INFO 35824 --- [ms-books-payments] [           main] c.r.m.MsBooksPaymentsApplication         : No active profile set, falling back to 1 default profile: "default"
2026-05-18T19:55:17.444-05:00  INFO 35824 --- [ms-books-payments] [           main] .s.d.r.c.RepositoryConfigurationDelegate : Bootstrapping Spring Data JPA repositories in DEFAULT mode.
2026-05-18T19:55:17.703-05:00  INFO 35824 --- [ms-books-payments] [           main] .s.d.r.c.RepositoryConfigurationDelegate : Finished Spring Data repository scanning in 241 ms. Found 1 JPA repository interface.
2026-05-18T19:55:18.305-05:00  INFO 35824 --- [ms-books-payments] [           main] o.s.cloud.context.scope.GenericScope     : BeanFactory id=328fa32f-c7e1-3d09-9ee7-06ee96145490
2026-05-18T19:55:19.350-05:00  INFO 35824 --- [ms-books-payments] [           main] o.s.b.w.embedded.tomcat.TomcatWebServer  : Tomcat initialized with port 8084 (http)
2026-05-18T19:55:19.380-05:00  INFO 35824 --- [ms-books-payments] [           main] o.apache.catalina.core.StandardService   : Starting service [Tomcat]
2026-05-18T19:55:19.382-05:00  INFO 35824 --- [ms-books-payments] [           main] o.apache.catalina.core.StandardEngine    : Starting Servlet engine: [Apache Tomcat/10.1.50]
2026-05-18T19:55:19.593-05:00  INFO 35824 --- [ms-books-payments] [           main] o.a.c.c.C.[Tomcat].[localhost].[/]       : Initializing Spring embedded WebApplicationContext
2026-05-18T19:55:19.596-05:00  INFO 35824 --- [ms-books-payments] [           main] w.s.c.ServletWebServerApplicationContext : Root WebApplicationContext: initialization completed in 4171 ms
2026-05-18T19:55:20.240-05:00  INFO 35824 --- [ms-books-payments] [           main] o.hibernate.jpa.internal.util.LogHelper  : HHH000204: Processing PersistenceUnitInfo [name: default]
2026-05-18T19:55:20.379-05:00  INFO 35824 --- [ms-books-payments] [           main] org.hibernate.Version                    : HHH000412: Hibernate ORM core version 6.6.41.Final
2026-05-18T19:55:20.444-05:00  INFO 35824 --- [ms-books-payments] [           main] o.h.c.internal.RegionFactoryInitiator    : HHH000026: Second-level cache disabled
2026-05-18T19:55:20.944-05:00  INFO 35824 --- [ms-books-payments] [           main] o.s.o.j.p.SpringPersistenceUnitInfo      : No LoadTimeWeaver setup: ignoring JPA class transformer
2026-05-18T19:55:20.990-05:00  INFO 35824 --- [ms-books-payments] [           main] com.zaxxer.hikari.HikariDataSource       : HikariPool-1 - Starting...
2026-05-18T19:55:21.333-05:00  INFO 35824 --- [ms-books-payments] [           main] com.zaxxer.hikari.pool.HikariPool        : HikariPool-1 - Added connection conn0: url=jdbc:h2:mem:paymentsdb user=SA
2026-05-18T19:55:21.336-05:00  INFO 35824 --- [ms-books-payments] [           main] com.zaxxer.hikari.HikariDataSource       : HikariPool-1 - Start completed.
2026-05-18T19:55:21.415-05:00  INFO 35824 --- [ms-books-payments] [           main] org.hibernate.orm.connections.pooling    : HHH10001005: Database info:
	Database JDBC URL [Connecting through datasource 'HikariDataSource (HikariPool-1)']
	Database driver: undefined/unknown
	Database version: 2.3.232
	Autocommit mode: undefined/unknown
	Isolation level: undefined/unknown
	Minimum pool size: undefined/unknown
	Maximum pool size: undefined/unknown
2026-05-18T19:55:22.768-05:00  INFO 35824 --- [ms-books-payments] [           main] o.h.e.t.j.p.i.JtaPlatformInitiator       : HHH000489: No JTA platform available (set 'hibernate.transaction.jta.platform' to enable JTA platform integration)
Hibernate: create table payments (id bigint generated by default as identity, amount numeric(12,2) not null, created_at timestamp(6) not null, method varchar(255) not null, order_id bigint not null, status varchar(255) not null, primary key (id))
2026-05-18T19:55:22.836-05:00  INFO 35824 --- [ms-books-payments] [           main] j.LocalContainerEntityManagerFactoryBean : Initialized JPA EntityManagerFactory for persistence unit 'default'
2026-05-18T19:55:23.460-05:00  WARN 35824 --- [ms-books-payments] [           main] JpaBaseConfiguration$JpaWebConfiguration : spring.jpa.open-in-view is enabled by default. Therefore, database queries may be performed during view rendering. Explicitly configure spring.jpa.open-in-view to disable this warning
2026-05-18T19:55:24.625-05:00  INFO 35824 --- [ms-books-payments] [           main] o.s.b.a.h2.H2ConsoleAutoConfiguration    : H2 console available at '/h2-console'. Database available at 'jdbc:h2:mem:paymentsdb'
2026-05-18T19:55:24.929-05:00  INFO 35824 --- [ms-books-payments] [           main] DiscoveryClientOptionalArgsConfiguration : Eureka HTTP Client uses RestTemplate.
2026-05-18T19:55:25.032-05:00  WARN 35824 --- [ms-books-payments] [           main] iguration$LoadBalancerCaffeineWarnLogger : Spring Cloud LoadBalancer is currently working with the default cache. While this cache implementation is useful for development and tests, it's recommended to use Caffeine cache in production.You can switch to using Caffeine cache, by adding it and org.springframework.cache.caffeine.CaffeineCacheManager to the classpath.
2026-05-18T19:55:25.137-05:00  INFO 35824 --- [ms-books-payments] [           main] o.s.c.n.eureka.InstanceInfoFactory       : Setting initial instance status as: STARTING
2026-05-18T19:55:25.210-05:00  INFO 35824 --- [ms-books-payments] [           main] com.netflix.discovery.DiscoveryClient    : Initializing Eureka in region us-east-1
2026-05-18T19:55:25.217-05:00  INFO 35824 --- [ms-books-payments] [           main] c.n.d.s.r.aws.ConfigClusterResolver      : Resolving eureka endpoints via configuration
2026-05-18T19:55:25.245-05:00  INFO 35824 --- [ms-books-payments] [           main] com.netflix.discovery.DiscoveryClient    : Disable delta property : false
2026-05-18T19:55:25.245-05:00  INFO 35824 --- [ms-books-payments] [           main] com.netflix.discovery.DiscoveryClient    : Single vip registry refresh property : null
2026-05-18T19:55:25.246-05:00  INFO 35824 --- [ms-books-payments] [           main] com.netflix.discovery.DiscoveryClient    : Force full registry fetch : false
2026-05-18T19:55:25.247-05:00  INFO 35824 --- [ms-books-payments] [           main] com.netflix.discovery.DiscoveryClient    : Application is null : false
2026-05-18T19:55:25.247-05:00  INFO 35824 --- [ms-books-payments] [           main] com.netflix.discovery.DiscoveryClient    : Registered Applications size is zero : true
2026-05-18T19:55:25.247-05:00  INFO 35824 --- [ms-books-payments] [           main] com.netflix.discovery.DiscoveryClient    : Application version is -1: true
2026-05-18T19:55:25.248-05:00  INFO 35824 --- [ms-books-payments] [           main] com.netflix.discovery.DiscoveryClient    : Getting all instance registry info from the eureka server
2026-05-18T19:55:25.974-05:00  INFO 35824 --- [ms-books-payments] [           main] com.netflix.discovery.DiscoveryClient    : The response status is 200
2026-05-18T19:55:25.977-05:00  INFO 35824 --- [ms-books-payments] [           main] com.netflix.discovery.DiscoveryClient    : Starting heartbeat executor: renew interval is: 30
2026-05-18T19:55:25.979-05:00  INFO 35824 --- [ms-books-payments] [           main] c.n.discovery.InstanceInfoReplicator     : InstanceInfoReplicator onDemand update allowed rate per min is 4
2026-05-18T19:55:25.982-05:00  INFO 35824 --- [ms-books-payments] [           main] com.netflix.discovery.DiscoveryClient    : Discovery Client initialized at timestamp 1779152125981 with initial instances count: 0
2026-05-18T19:55:25.988-05:00  INFO 35824 --- [ms-books-payments] [           main] o.s.c.n.e.s.EurekaServiceRegistry        : Registering application MS-BOOKS-PAYMENTS with eureka with status UP
2026-05-18T19:55:25.991-05:00  INFO 35824 --- [ms-books-payments] [           main] com.netflix.discovery.DiscoveryClient    : Saw local status change event StatusChangeEvent [timestamp=1779152125991, current=UP, previous=STARTING]
2026-05-18T19:55:25.996-05:00  INFO 35824 --- [ms-books-payments] [foReplicator-%d] com.netflix.discovery.DiscoveryClient    : DiscoveryClient_MS-BOOKS-PAYMENTS/ALICE.mshome.net:ms-books-payments:8084: registering service...
2026-05-18T19:55:26.038-05:00  INFO 35824 --- [ms-books-payments] [           main] o.s.b.w.embedded.tomcat.TomcatWebServer  : Tomcat started on port 8084 (http) with context path '/'
2026-05-18T19:55:26.040-05:00  INFO 35824 --- [ms-books-payments] [           main] .s.c.n.e.s.EurekaAutoServiceRegistration : Updating port to 8084
2026-05-18T19:55:26.079-05:00  INFO 35824 --- [ms-books-payments] [           main] c.r.m.MsBooksPaymentsApplication         : Started MsBooksPaymentsApplication in 11.597 seconds (process running for 12.689)
2026-05-18T19:55:26.103-05:00  INFO 35824 --- [ms-books-payments] [foReplicator-%d] com.netflix.discovery.DiscoveryClient    : DiscoveryClient_MS-BOOKS-PAYMENTS/ALICE.mshome.net:ms-books-payments:8084 - registration status: 204
2026-05-18T19:55:55.988-05:00  INFO 35824 --- [ms-books-payments] [reshExecutor-%d] com.netflix.discovery.DiscoveryClient    : Disable delta property : false
2026-05-18T19:55:55.989-05:00  INFO 35824 --- [ms-books-payments] [reshExecutor-%d] com.netflix.discovery.DiscoveryClient    : Single vip registry refresh property : null
2026-05-18T19:55:55.989-05:00  INFO 35824 --- [ms-books-payments] [reshExecutor-%d] com.netflix.discovery.DiscoveryClient    : Force full registry fetch : false
2026-05-18T19:55:55.989-05:00  INFO 35824 --- [ms-books-payments] [reshExecutor-%d] com.netflix.discovery.DiscoveryClient    : Application is null : false
2026-05-18T19:55:55.991-05:00  INFO 35824 --- [ms-books-payments] [reshExecutor-%d] com.netflix.discovery.DiscoveryClient    : Registered Applications size is zero : true
2026-05-18T19:55:55.991-05:00  INFO 35824 --- [ms-books-payments] [reshExecutor-%d] com.netflix.discovery.DiscoveryClient    : Application version is -1: false
2026-05-18T19:55:55.991-05:00  INFO 35824 --- [ms-books-payments] [reshExecutor-%d] com.netflix.discovery.DiscoveryClient    : Getting all instance registry info from the eureka server
2026-05-18T19:55:56.021-05:00  INFO 35824 --- [ms-books-payments] [reshExecutor-%d] com.netflix.discovery.DiscoveryClient    : The response status is 200
2026-05-18T20:00:25.256-05:00  INFO 35824 --- [ms-books-payments] [rap-executor-%d] c.n.d.s.r.aws.ConfigClusterResolver      : Resolving eureka endpoints via configuration
2026-05-18T20:05:25.262-05:00  INFO 35824 --- [ms-books-payments] [rap-executor-%d] c.n.d.s.r.aws.ConfigClusterResolver      : Resolving eureka endpoints via configuration
2026-05-18T20:10:25.276-05:00  INFO 35824 --- [ms-books-payments] [rap-executor-%d] c.n.d.s.r.aws.ConfigClusterResolver      : Resolving eureka endpoints via configuration
2026-05-18T20:14:57.024-05:00  INFO 35824 --- [ms-books-payments] [nio-8084-exec-1] o.a.c.c.C.[Tomcat].[localhost].[/]       : Initializing Spring DispatcherServlet 'dispatcherServlet'
2026-05-18T20:14:57.027-05:00  INFO 35824 --- [ms-books-payments] [nio-8084-exec-1] o.s.web.servlet.DispatcherServlet        : Initializing Servlet 'dispatcherServlet'
2026-05-18T20:14:57.060-05:00  INFO 35824 --- [ms-books-payments] [nio-8084-exec-1] o.s.web.servlet.DispatcherServlet        : Completed initialization in 31 ms
Hibernate: select p1_0.id,p1_0.amount,p1_0.created_at,p1_0.method,p1_0.order_id,p1_0.status from payments p1_0
